Traceback (most recent call last):
  File "<frozen runpy>", line 198, in _run_module_as_main
  File "<frozen runpy>", line 88, in _run_code
  File "C:\Users\MAY TINH BAC THANH\AppData\Local\Programs\Python\Python312\Lib\site-packages\gunicorn\__main__.py", line 6, in <module>
    from gunicorn.app.wsgiapp import run
  File "C:\Users\MAY TINH BAC THANH\AppData\Local\Programs\Python\Python312\Lib\site-packages\gunicorn\app\wsgiapp.py", line 9, in <module>
    from gunicorn.app.base import Application
  File "C:\Users\MAY TINH BAC THANH\AppData\Local\Programs\Python\Python312\Lib\site-packages\gunicorn\app\base.py", line 11, in <module>
    from gunicorn import util
  File "C:\Users\MAY TINH BAC THANH\AppData\Local\Programs\Python\Python312\Lib\site-packages\gunicorn\util.py", line 8, in <module>
    import fcntl
ModuleNotFoundError: No module named 'fcntl'
